 
****************************************
Report : threshold voltage group
        -analysis_effort low
Design : top_module_1
Version: W-2024.09-SP1
Date   : Sun Mar 29 20:19:02 2026
****************************************

********************************************************************************
                        Threshold Voltage Group Report                         
********************************************************************************

Information: Propagating switching activity (low effort zero delay simulation). (PWR-6)
Warning: Design has unannotated primary inputs. (PWR-414)
Warning: Design has unannotated sequential cell outputs. (PWR-415)
Warning: Design has unannotated black box outputs. (PWR-428)

Vth Group                All                Blackbox           Non-blackbox
Name                    cells                cells                cells
********************************************************************************
LVT                 66735  (17.67%)       1593  (98.27%)      65142  (17.32%)   
RVT                255954  (67.76%)          0   (0.00%)     255954  (68.05%)   
SLVT                55043  (14.57%)          0   (0.00%)      55043  (14.63%)   
undefined              28   (0.01%)         28   (1.73%)          0   (0.00%)   
********************************************************************************
Total              377760 (100.00%)       1621 (100.00%)     376139 (100.00%)   

Vth Group                All                Blackbox           Non-blackbox
Name                  cell area            cell area            cell area
********************************************************************************
LVT               7288.96  (14.71%)     418.07 (100.00%)    6870.90  (13.98%)   
RVT              34787.68  (70.19%)       0.00   (0.00%)   34787.68  (70.78%)   
SLVT              7487.21  (15.11%)       0.00   (0.00%)    7487.21  (15.23%)   
undefined            0.00   (0.00%)       0.00   (0.00%)       0.00   (0.00%)   
********************************************************************************
Total            49563.85 (100.00%)     418.07 (100.00%)   49145.78 (100.00%)   

Vth Group                All                Blackbox           Non-blackbox
Name                 cell leakage        cell leakage          cell leakage
********************************************************************************
LVT              75.070uW   (8.26%)    4.715uW (100.00%)   70.355uW   (7.78%)   
RVT              29.461uW   (3.24%)    0.000pW   (0.00%)   29.461uW   (3.26%)   
SLVT            804.324uW  (88.50%)    0.000pW   (0.00%)  804.324uW  (88.96%)   
undefined         0.000pW   (0.00%)    0.000pW   (0.00%)    0.000pW   (0.00%)   
********************************************************************************
Total           908.855uW (100.00%)    4.715uW (100.00%)  904.141uW (100.00%)   

1
