
Id             Severity         Limit    Occurrences   Suppressed
--------------------------------------------------------------------
DCT-035     Information             0             10            0
DCT-041     Information             0              2            0
DCT-294     Information             0              1            0
DCT-306         Warning             0              1            0
DCT-398         Warning             0              2            0
DCT-399     Information             0              2            0
DCT-445     Information             0              1            0
DDB-72      Information             0              2            0
ELAB-965    Information             0            301            0
FILE-007    Information             0              2            0
HDL-193     Information             0            300            0
HFS-802     Information             0              1            0
LINT-99     Information             0              2            0
MPC-007         Warning             0              1            0
OPT-1055    Information             0              4            0
OPT-1056    Information             0             62            0
OPT-1206    Information             0            633            0
OPT-1207    Information             0             23            0
OPT-1208    Information             0              1            0
OPT-1210    Information             0              1            0
OPT-1215    Information             0              2            0
OPT-1445        Warning             0              1            0
OPT-1500    Information             0              2            0
OPT-319     Information             0            144            0
OPT-772     Information             0             15            0
OPT-775     Information             0              1            0
OPT-776     Information             0           1075            0
OPT-777     Information             0              6            0
PSYN-864    Information             0              1            0
PSYN-878    Information             0              1            0
PWR-1047    Information             0              1            0
PWR-24      Information             0              3            0
PWR-477     Information             0              8            0
PWR-536     Information             0             24            0
PWR-6       Information             0              1            0
PWR-806     Information             0            909            0
PWR-850     Information             0              2            0
RCEX-007    Information             0              3            0
RCEX-008    Information             0              3            0
RCEX-011    Information             0             75            0
RCEX-013    Information             0              3            0
RCEX-015    Information             0              3            0
RCEX-018        Warning             0              3            0
RCEX-141    Information             0              3            0
SPG-013         Warning             0              2            0
SPG-128     Information             0              1            0
TFCHK-012       Warning             0              1            0
TFCHK-048       Warning             0              1            0
TFCHK-049       Warning             0              5            0
TFCHK-050       Warning             0              8            0
TFCHK-072   Information             0              1            0
TFCHK-073       Warning             0              7            0
TFCHK-084       Warning             0              1            0
TFCHK-091       Warning             0              1            0
TFCHK-096   Information             0              1            0
TIM-024     Information             0              1            0
TIM-134         Warning             0              7            0
TLUP-004        Warning             0             10            0
TLUP-005        Warning             0             10            0
UID-85      Information             0              1            0
UISN-27     Information             0              1            0
UPF-213         Warning            10              0            0
UPF-213a        Warning            10              0            0
UPF-213b        Warning            10              0            0
UPF-213c        Warning            10              0            0
UPF-213d        Warning            10              0            0
UPF-213e        Warning            10              0            0
UPF-213f        Warning            10              0            0
VER-1005        Warning             0              9            0
VER-318         Warning             0             28            0
ZRT-105         Warning            10              0            0

Diagnostics summary: 98 warnings, 3639 informationals
