 
****************************************
Report : threshold voltage group
        -analysis_effort low
Design : codix_berkelium_ca
Version: W-2024.09-SP1
Date   : Thu Dec 19 19:12:44 2024
****************************************

********************************************************************************
                        Threshold Voltage Group Report                         
********************************************************************************

Information: Propagating switching activity (low effort zero delay simulation). (PWR-6)
Warning: Design has unannotated primary inputs. (PWR-414)
Warning: Design has unannotated sequential cell outputs. (PWR-415)

Vth Group                All                Blackbox           Non-blackbox
Name                    cells                cells                cells
********************************************************************************
LVT                  9723   (8.04%)        465 (100.00%)       9258   (7.68%)   
RVT                 65026  (53.75%)          0   (0.00%)      65026  (53.96%)   
SLVT                28488  (23.55%)          0   (0.00%)      28488  (23.64%)   
SRAM                17745  (14.67%)          0   (0.00%)      17745  (14.72%)   
********************************************************************************
Total              120982 (100.00%)        465 (100.00%)     120517 (100.00%)   

Vth Group                All                Blackbox           Non-blackbox
Name                  cell area            cell area            cell area
********************************************************************************
LVT                815.58   (5.41%)     122.03 (100.00%)     693.54   (4.64%)   
RVT               8227.36  (54.60%)       0.00   (0.00%)    8227.36  (55.05%)   
SLVT              3811.49  (25.29%)       0.00   (0.00%)    3811.49  (25.50%)   
SRAM              2213.77  (14.69%)       0.00   (0.00%)    2213.77  (14.81%)   
********************************************************************************
Total            15068.20 (100.00%)     122.03 (100.00%)   14946.16 (100.00%)   

Vth Group                All                Blackbox           Non-blackbox
Name                 cell leakage        cell leakage          cell leakage
********************************************************************************
LVT               9.221uW   (2.04%)    1.374uW (100.00%)    7.847uW   (1.74%)   
RVT               6.798uW   (1.50%)    0.000pW   (0.00%)    6.798uW   (1.51%)   
SLVT            435.988uW  (96.36%)    0.000pW   (0.00%)  435.988uW  (96.65%)   
SRAM            464.581nW   (0.10%)    0.000pW   (0.00%)  464.581nW   (0.10%)   
********************************************************************************
Total           452.472uW (100.00%)    1.374uW (100.00%)  451.097uW (100.00%)   

1
