../rtl/prim/prim_ram_1p_pkg.sv
../rtl/prim/prim_secded_pkg.sv
../rtl/prim/prim_clock_gating.v
../rtl/prim/prim_generic_buf.sv
../rtl/dv/prim_buf.sv
../rtl/ibex_pkg.sv
../rtl/ibex_alu.sv
../rtl/ibex_branch_predict.sv
../rtl/ibex_compressed_decoder.sv
../rtl/ibex_controller.sv
../rtl/ibex_core.sv
../rtl/ibex_counter.sv
../rtl/ibex_cs_registers.sv
../rtl/ibex_csr.sv
../rtl/ibex_decoder.sv
../rtl/ibex_dummy_instr.sv
../rtl/ibex_ex_block.sv
../rtl/ibex_fetch_fifo.sv
../rtl/ibex_icache.sv
../rtl/ibex_id_stage.sv
../rtl/ibex_if_stage.sv
../rtl/ibex_load_store_unit.sv
../rtl/ibex_lockstep.sv
../rtl/ibex_multdiv_fast.sv
../rtl/ibex_multdiv_slow.sv
../rtl/ibex_pmp.sv
../rtl/ibex_prefetch_buffer.sv
../rtl/ibex_register_file_ff.sv
../rtl/ibex_register_file_fpga.sv
../rtl/ibex_register_file_latch.sv
../rtl/ibex_top.sv
../rtl/ibex_wb_stage.sv
../rtl/ibex_vrf.sv
../rtl/vector_load_unit.sv
../rtl/vector_store_unit.sv
../rtl/vldstu.sv
../rtl/vector_alu.sv
../rtl/vproc_mul_block.sv
../rtl/vector_mul.sv
../rtl/vector_lane.sv
../rtl/vector_ex_unit.sv
