../rtl/axi_module/axi_lite/packages_of_config_regis.sv
../rtl/acitvation_module/ReLU_unit.sv
../rtl/arithmetic_module/process_element_module.sv
../rtl/pooling_module/pooling_unit.sv
../rtl/processing_module/win_ram_1w1r.sv
../rtl/axi_module/axi_Master/dma_controller.sv
../rtl/axi_module/axi_lite/axi4_lite_slave.sv
../rtl/axi_module/axi_lite/csr_regfile.sv
../rtl/processing_module/bias_shift/ram_1r1w_sync_bytewrite_wide.sv
../rtl/processing_module/input_output/ram_1r1w_sync.sv
../rtl/processing_module/line_buffer/line_buffer_3x3.sv
../rtl/acitvation_module/ReLU_module.sv
../rtl/arithmetic_module/conv_depth_module.sv
../rtl/pooling_module/pooling_module.sv
../rtl/arithmetic_module/arithmetic_controller/arithmetic_controller.sv
../rtl/processing_module/bias_shift/sram_bias_shift.sv
../rtl/processing_module/input_output/sram_feature_bank_whc.sv
../rtl/processing_module/weight/sram_weight.sv
../rtl/top_module_1.sv
../rtl/processing_module/fetching_module.sv
../rtl/arithmetic_module/arithmetic_module.sv
../rtl/axi_module/axi_module.sv
../rtl/processing_module/processing_module.sv
